# BIN_FILE=${FRAMEWORK_ROOT_DIR}/bin/installFacadeExample
# VAR_RELATIVE_FRAMEWORK_DIR_TO_CURRENT_DIR=..
# VAR_MAIN_FUNCTION_VAR_NAME=installFacadeExampleMainFunctionName
# IMPLEMENT Install::InstallInterface
# FACADE
