local action=$1
shift || true
case ${action} in
  install)
    install "$@"
    ;;
  breakOnConfigFailure)
    breakOnConfigFailure "$@"
    ;;
  breakOnTestFailure)
    breakOnTestFailure "$@"
    ;;
  *)
    if Assert::functionExists defaultFacadeAction; then
      defaultFacadeAction "$1" "$@"
    else
      Log::displayError "invalid action requested: ${action}"
      exit 1
    fi
    ;;
esac
exit 0
