stuff before
# FUNCTIONS
insertFileAfterToken injected

stuff after
