stuff before
insertFileBeforeToken injected
# FUNCTIONS
stuff after
# FUNCTIONS
stuff again after
