stuff before
# FUNCTIONS
insertFileAfterToken injected
stuff after
# FUNCTIONS
stuff again after
