stuff before
insertFileBeforeToken injected
# FUNCTIONS
stuff after
