stuff before
insertFileBeforeToken injected
insertFileBeforeToken injected3
# FUNCTIONS
stuff after
# FUNCTIONS
stuff again after
