stuff before
replaceTokenByInput injected
stuff after
