stuff before
replaceTokenByInput injected
multi lines
stuff after 1
replaceTokenByInput injected
multi lines
stuff after 2
