help
options
install
configure
breakOnConfigFailure
breakOnTestFailure
