Compiler::Embed::extractFileFromBase64 "${PERSISTENT_TMPDIR:-/tmp}/7be7bfaf6ff1d2836119b22ae8881346/valid" "IyEvdXNyL2Jpbi9lbnYgYmFzaAoKZWNobyAiYmluYXJ5RmlsZSAkKiIK" "755"

declare -gx embed_file_valid="${PERSISTENT_TMPDIR:-/tmp}/7be7bfaf6ff1d2836119b22ae8881346/valid"
