Log:displaySuccess "hello"
    	Log:displaySuccess "hello"
        	  Log:displaySuccess "hello"
          Log:displaySuccess "hello"
