# BIN_FILE=<% ${FRAMEWORK_ROOT_DIR} %>/bin/awkLint
